PASS 0.1 generator source file matches the pinned SHA-256
PART A  geometry and representation
PASS A1.1 each of a,b,c,d,e is an affine map on all 15625 states
PASS A1.2 the fibre image (q,r) depends on the fibre only, for every generator
PASS A1.3 a is the identity on the fibre; b,c,d,e are point reflections u -> 2s-u
     centres s_b,s_c,s_d,s_e = (0, 0),(3, 0),(3, 3),(1, 3)
PASS A1.4 centres are (0,0),(3,0),(3,3),(1,3) in the order b,c,d,e
PASS A2.1 the four reflections generate exactly 50 fibre maps u -> +-u + t
PASS A2.2 the generated group contains all 25 translations and all 25 point reflections
PASS A3.1 every A_u is a Hermitian involution with entries in mu_5 or zero
PASS A3.2 Tr A_u = 1 for all 25 points
PASS A3.3 Tr(A_u A_v) = 5 delta_uv for all 625 ordered pairs
PASS A3.4 A_s A_u A_s = A_(2s-u) for all 625 ordered pairs
PASS A3.5 the 25 operators A_u sum to 5 times the identity
PASS A3.6 A_u = D_u Par D_u^(-1) and D_v A_u D_v^(-1) = A_(u+v) for all pairs
PASS A3.7 conjugation by A_(s_g) sends A_u to A_(g(u)) for g in b,c,d,e and all 25 u
PASS A4.1 linear parts of a,b,c are involutions; linear parts of d,e equal -I
     nonzero solution spaces by multiplier triple (a,b,c): [((1, 1, 1), 3), ((1, 4, 4), 1), ((4, 1, 1), 3), ((4, 4, 4), 1)]
     rank histogram over all nonzero solutions: [(2, 256)]
PASS A4.2 over all 64 multiplier triples in (F_5^*)^3 only four triples admit nonzero forms, with dims 3,3,1,1
PASS A4.3 every nonzero solution has rank exactly 2; no nondegenerate invariant alternating form exists
PASS A4.4 the strictly invariant forms are exactly span{dkappa^dq, dkappa^dr, dq^dr}
PASS A4.5 each nonzero invariant form has a 4-dim radical; the common radical is the 3-dim space kappa=q=r=0
PASS A5.1 collision: at n=0 the states 000000 and 212110 select a and c and both map to 000000
     image sizes of the selected one-step map for driver bit 0 and 1: [6250, 9375]
PASS A5.2 the selected one-step map is not injective for either driver bit (images 6250 and 9375)
PASS A5.3 after ticks 0,1,2 all 15625 starts lie on 3125 states, each with exactly 5 preimages
     generators used on ticks 3..1026: bde
PASS A5.4 on ticks 3..1026 all states select one common generator: b if the clock bit changed, d after 11, e after 00
PASS A5.5 on ticks 3..1026 the selected step is a bijection of the current 3125-state set
PART B  counting and its bounded prohibition
PASS B1.1 there are 30 affine lines in 6 parallel classes; every point lies on exactly 6 lines
PASS B1.2 each Pi_L = (1/5) sum_(u in L) A_u is a Hermitian idempotent of trace 1 (a rank-one projector)
PASS B1.3 each Pi_L is an eigenprojector of the Weyl operator of its own direction (a stabilizer state)
PASS B1.4 Tr(Pi_L Pi_M) = |L cap M| / 5 for all 900 ordered pairs of lines
     LOW Wigner values with multiplicity: (-1/20) + (0)*sqrt5 x4; (1/40) + (-1/40)*sqrt5 x8; (1/40) + (1/40)*sqrt5 x8; (3/20) + (0)*sqrt5 x4; (1/5) + (0)*sqrt5 x1
PASS B4.1 LOW Wigner multiset is 1/5 x1, 3/20 x4, -1/20 x4, (1+sqrt5)/40 x8, (1-sqrt5)/40 x8
PASS B4.2 LOW negativity is exactly sqrt5/5
PASS B2.1 inversion mu(u) = (sum_(L through u) p(L) - 1)/5 from the 30 quantum line probabilities returns W exactly, for LOW and all 624 preparations
PASS B3.1 row r=0 of W sums to zero for all 624 preparations
PASS B3.2 row r=0 of W contains a strictly negative entry for all 624 preparations
PASS B3.3 negativity is at least sqrt5/20 for all 624 preparations
PASS B5.1 |<l,v~>|^2/|v~|^2 = s^2/(4(5Q-s^2)) by direct inner product for all 624 preparations
PASS B5.2 the signed phase-space overlap 5 sum_u W_v(u) W_l(u) equals the same value for all 624 preparations
PASS B6.1 all 624 preparations have strictly positive negativity
     distinct negativity values: 39
     minimum (1/10) + (1/10)*sqrt5 attained by 32 preparations; first: 0014,0023,0032,0041,0104,0140
     maximum (29/220) + (8/55)*sqrt5 attained by 16 preparations
     five smallest values with counts: (1/10) + (1/10)*sqrt5 x32; (1/30) + (13/90)*sqrt5 x8; (1/36) + (3/20)*sqrt5 x16; (1/32) + (3/20)*sqrt5 x8; (3/50) + (7/50)*sqrt5 x4
PASS B6.2 the minimum over the 624 preparations is (1+sqrt5)/10 and source 1400, v=(1,-1,0,0), attains it
     negativity table (624 lines, source x y) sha256 c423a1edf376c9cdbd0653b4e89a284ed16e9bfea69586c3cb1c5e208351c905
PART C  applicability
     no computation: disposition is fixed by the PREREG contract table, STOP_APPLICABILITY / H_NOT_TESTED unchanged
SUMMARY 38 of 38 checks PASS
