STATUS NON-CANONICAL candidate-C finite exact audit; no all-state promotion
IMPLEMENTATION independent raw integer G; no verifier or uploaded program imports
COUNTING state visits; duplicates between explicitly named domains retained
PREREG_SHA256 58b8e76488c0eda439407b8e52ee667dfb33ba7ffab6c88dada2a7f30c6470d1
ADDENDUM_SHA256 d9ada337b321f16659ead0ee0dcc76ae25efdc229f18ad4d24ef23e4cdc23320
SOURCE_SHA256 c02319e5a43a70daca464b73fa909a599ba7e0ff1c4f504b07c58163eb2498b6
WITNESS {"H1":335,"deltaPi":-1,"input_stock":7,"output_E":[1,1,-2,3],"output_stock":2,"pair":"02","price":5,"witness":"positive_static_price"}
WITNESS {"input_stock":5,"new_contact":"identity","pair":"02","raw_output_stock":0,"reaction_partner_stock":3,"witness":"funded_admission_mismatch"}
WITNESS {"input_stock":6,"new_contact":"identity","pair":"02","raw_output_stock":1,"reaction_partner_stock":4,"witness":"funded_admission_mismatch"}
WITNESS {"H1":335,"deltaPi":-1,"input_stock":7,"output_E":[1,1,3,-2],"output_stock":2,"pair":"12","price":5,"witness":"positive_static_price"}
WITNESS {"input_stock":5,"new_contact":"identity","pair":"12","raw_output_stock":0,"reaction_partner_stock":3,"witness":"funded_admission_mismatch"}
WITNESS {"input_stock":6,"new_contact":"identity","pair":"12","raw_output_stock":1,"reaction_partner_stock":4,"witness":"funded_admission_mismatch"}
WITNESS {"H1":424,"S12_output_E":[3,3,-1,-1],"output_stock":86,"prices":[0,0,-5],"witness":"old_common_input"}
WITNESS {"last_contact_field_price":0,"last_receiver_change":81,"pair":"01","pointer":0,"receiver_energy_after":424,"receiver_energy_before":343,"source_energy_before":81,"total_energy":425,"witness":"T7_same_complete_old_output"}
WITNESS {"last_contact_field_price":5,"last_receiver_change":86,"pair":"12","pointer":0,"receiver_energy_after":424,"receiver_energy_before":338,"source_energy_before":86,"total_energy":425,"witness":"T7_same_complete_old_output"}
DOMAINS {"R_image_cosets_with_funding_boundaries":29808,"T7_frozen_initial_receiver":2,"T7_frozen_precontact_receiver":2,"breaker_raw_rotation":729,"frozen_AM_nontrivial_F":1,"frozen_common_input":2,"frozen_mismatch_witnesses":12,"frozen_positive_witness":4,"integral_branches_with_funding_boundaries":40907,"literal_endpoint_and_occupied_neutral_register":1,"primary_raw_crosscheck":2916}
STATE_FEATURES {"charged_reacting_matter":911,"non_Gauss":3569,"nonintegral_split":2880,"visits":74384}
REACTION_BRANCHES {"AM_accepted":8507,"AM_stock_rejection":14906,"R_accepted":17667,"R_image_rejection":29978,"R_stock_rejection":63,"nonintegral_split":1440,"other_matter":1823}
CONTACT_BRANCHES_01 {"actual_charge_change":57446,"actual_nonidentity":64300,"admission_mismatch":0,"committed_accepted":26099,"committed_fixed":7026,"committed_odd_stock_change":0,"committed_rejected":45227,"funded_raw_proposals":71326,"integral_raw_proposals":73472,"integrality_rejection":912,"mismatch_accepted_to_rejected":0,"mismatch_rejected_to_accepted":0,"stock_rejection":2146}
CONTACT_BRANCHES_02 {"actual_charge_change":12083,"actual_nonidentity":14089,"admission_mismatch":1019,"committed_accepted":6595,"committed_fixed":2102,"committed_odd_stock_change":8339,"committed_rejected":9596,"funded_raw_proposals":17210,"integral_raw_proposals":22198,"integrality_rejection":52186,"mismatch_accepted_to_rejected":525,"mismatch_rejected_to_accepted":494,"stock_rejection":4988}
CONTACT_BRANCHES_12 {"actual_charge_change":12280,"actual_nonidentity":12280,"admission_mismatch":825,"committed_accepted":6627,"committed_fixed":5017,"committed_odd_stock_change":7129,"committed_rejected":10670,"funded_raw_proposals":18122,"integral_raw_proposals":22654,"integrality_rejection":51730,"mismatch_accepted_to_rejected":525,"mismatch_rejected_to_accepted":300,"stock_rejection":4532}
MAXIMALITY {"G_commuting_maps":40,"competing_maps":160,"orbit_cases":19,"orbit_cell_visits":64}
CHECK_COUNTS {"BASE_Af_L":1,"BASE_Af_order5":1,"BASE_F_P":81,"BASE_F_defect":74384,"BASE_F_energy":74384,"BASE_F_inverse":74384,"BASE_F_static":25,"BASE_G_F":74384,"BASE_G_defect":74384,"BASE_G_energy":74384,"BASE_G_involution":74384,"BASE_G_static":74384,"BASE_Hactive_Bf":81,"BASE_Hactive_L":81,"BASE_L_energy":1,"BASE_L_inverse_left":1,"BASE_L_inverse_right":1,"BASE_Q_literal_matrix":81,"BASE_nonnegative_input_stock":74384,"BASE_raw_Coulomb_energy":74384,"BASE_raw_split_energy":74384,"COVERAGE_contact_branch":12,"COVERAGE_nonGauss":1,"COVERAGE_nonintegral_split":1,"COVERAGE_nonneutral_matter":1,"COVERAGE_reaction_branch":7,"COVERAGE_vertex2_branch":10,"PIN_preexecution_addendum":1,"PIN_preregistration":1,"T1_Coulomb_price":118324,"T1_divergence_vector":3,"T1_primitive_vector":3,"T1_proposed_active":118324,"T1_proposed_defect":118324,"T1_raw_price":118324,"T1_squared_norm":3,"T1_static_vector":3,"T1_unique_rational_static_shift":1,"T2_F_commutation":223152,"T2_G_commutation":223152,"T2_Gauss_defect":223152,"T2_Ghat_full_pointer":1115760,"T2_active_fixed":223152,"T2_energy":223152,"T2_event_preservation":223152,"T2_involution":223152,"T2_magnetic_fixed":223152,"T2_matter_fixed":223152,"T2_raw_proposal_reverse":106658,"T3_acceptance_preservation":223152,"T3_full_reaction_pair_guard":42130,"T3_nonintegral_guard":36392,"T3_symmetric_admission_filter":106658,"T4_completed_orbit_closed":19,"T4_expected_Klein_orbit_bound":19,"T4_finite_orbit_bound":45,"T4_largest_map_present":19,"T4_support_domination":40,"T4_unique_greatest_map":19,"T5_S01_all_profile_coefficient":74384,"T5_raw_price_parity":118324,"T7_AM_accepted_zero_guard":2,"T7_distinct_changes":1,"T7_distinct_context_labels":1,"T7_equal_complete_output":1,"T7_forward_contact_accepted":2,"T7_forward_contact_price":2,"T7_full_intermediate_energy":10,"T7_full_intermediate_tuple":10,"T7_initial_active_coordinate":2,"T7_initial_full_energy":2,"T7_initial_receiver_energy":2,"T7_last_receiver_change":2,"T7_pointer_unchanged":10,"T7_precontact_inverse":2,"T7_twice_minimax_radius":1,"W_AM_nontrivial_F":1,"W_AM_positive_contact":2,"W_common_energy":1,"W_common_output":1,"W_common_prices":1,"W_literal_matter_endpoint":1,"W_naive_G_noncommutation":4,"W_naive_funded":4,"W_positive_complete_output":2,"W_positive_energy":1,"W_positive_price":2,"W_positive_profile_coefficients":2,"W_positive_square_energy":2,"W_positive_square_stocks":2,"W_repair_identity":4,"W_reverse_mismatch":4,"W_stock_swap_expected":2,"W_stock_swap_noncommutation":2}
TRACE_SHA256 84b50faa638fb2b12847188cd713cc2147b54b52440508215a4f41ed5620aaa5
PASS no exact discrepancy in the declared finite audit domains
