dps=250  A_MAX=300  zeros=1..30
  n                  gamma     min dist to grid  argmin A
  1    14.1347251417346938          0.000246368       190
  2     21.022039638771555          0.000634098       169
  3    25.0108575801456888           0.00277071        49
  4    30.4248761258595132          0.000165313       280
  5    32.9350615877391897          0.000217525       287
  6    37.5861781588256713           0.00348361       177
  7    40.9187190121474952          0.000341072       219
  8    43.3270732809149995          0.000954816        30
  9    48.0051508811671597           0.00164642       263
 10    49.7738324776723022           0.00365241       247
 11    52.9703214777144606            0.0013907        58
 12    56.4462476970633948          0.000162353       248
 13    59.3470440026023531          0.000242551       294
 14    60.8317785246098098          0.000403566       228
 15    65.1125440480816067          0.000279091        96
 16    67.0798105294941737           0.00193417       250
 17    69.5464017111739793           0.00212648        72
 18    72.0671576744819076           0.00391876        15
 19    75.7046906990839332          0.000273041        50
 20    77.1448400688748054           0.00343855       188
 21    79.3373750202493679          0.000136891       136
 22    82.9103808540860302          0.000518834       228
 23    84.7354929805170501           0.00387798        82
 24    87.4252746131252294           0.00181662       114
 25    88.8091112076344654           0.00012918       189
 26    92.4918992705584843           0.00153295       286
 27     94.651344040519887           0.00298099        76
 28    95.8706342282453098           6.77239e-5        54
 29    98.8311942181936922           0.00222173       101
 30    101.317851005731391          0.000993545       163

closest approach over all 30 zeros and A<= 300: zero #28, dist=6.7723931e-5 at A=54
no hit  =>  B(gamma_n) > 300 for every tested zero
implied degree bound [Q(rho):Q] >= q_B/5 = 4*5^B/5 > 4*5^300 ~ 10^210
