job start Mon Aug  3 23:14:16 CEST 2026
current: L = 3240, connected closed, Eulerian walk certified
defect edges 3898, mass 7640
ILP: 170866 variable faces, 133626 edge constraints
Running HiGHS 1.15.1 (git hash: 04024d7): Copyright (c) 2026 under MIT licence terms
Includes third-party software components, see THIRD_PARTY_NOTICES.md for full details
MIP has 133626 rows; 341732 cols; 1366928 nonzeros; 341732 integer variables (341732 binary)
Coefficient ranges:
  Matrix  [1e+00, 1e+00]
  Cost    [1e+00, 1e+00]
  Bound   [1e+00, 1e+00]
  RHS     [5e+00, 5e+00]
Presolving model
127317 rows, 334224 cols, 1336896 nonzeros 1s
Presolve: Infeasible

Src: B => Branching; C => Central rounding; F => Feasibility pump; H => Heuristic;
     I => Shifting; J => Feasibility jump; L => Sub-MIP; P => Empty MIP; R => Randomized rounding;
     S => Solve LP; T => Evaluate node; U => Unbounded; X => User solution; Y => HiGHS solution;
     Z => ZI Round; l => Trivial lower; p => Trivial point; u => Trivial upper; z => Trivial zero

        Nodes      |    B&B Tree     |            Objective Bounds              |  Dynamic Constraints |       Work      
Src  Proc. InQueue |  Leaves   Expl. | BestBound       BestSol              Gap |   Cuts   InLp Confl. | LpIters     Time

         0       0         0   0.00%   -inf            inf                  inf        0      0      0         0     2.8s

Solving report
  Status            Infeasible
  Primal bound      inf
  Dual bound        -inf
  Gap               inf
  P-D integral      0
  Solution status   -
  Timing            2.78
                    2.72 (Presolve)
                    0.00 (Solve)
                    0.00 (Postsolve)
  Max sub-MIP depth 0
  Nodes             0
  Repair LPs        0
  LP iterations     0
ILP status: Infeasible
Traceback (most recent call last):
  File "WORKDIR/repair_witness.py", line 154, in <module>
    main()
  File "WORKDIR/repair_witness.py", line 127, in main
    assert patch is not None, "ILP failed"
           ^^^^^^^^^^^^^^^^^
AssertionError: ILP failed
job end Mon Aug  3 23:14:55 CEST 2026 exit 0
